[Config] Loaded settings from config.json

ΓöÇΓöÇΓöÇΓöÇΓöÇΓöÇΓöÇΓöÇΓöÇΓöÇΓöÇΓöÇΓöÇΓöÇΓöÇΓöÇΓöÇΓöÇΓöÇΓöÇΓöÇΓöÇΓöÇΓöÇΓöÇΓöÇΓöÇΓöÇΓöÇΓöÇΓöÇΓöÇΓöÇΓöÇΓöÇΓöÇΓöÇΓöÇΓöÇΓöÇΓöÇΓöÇΓöÇΓöÇΓöÇΓöÇΓöÇΓöÇΓöÇΓöÇΓöÇΓöÇΓöÇΓöÇΓöÇΓöÇΓöÇΓöÇΓöÇΓöÇΓöÇΓöÇΓöÇΓöÇΓöÇΓöÇΓöÇΓöÇΓöÇΓöÇΓöÇΓöÇ
  STEP 1 / 8 ΓÇö Loading dataset
ΓöÇΓöÇΓöÇΓöÇΓöÇΓöÇΓöÇΓöÇΓöÇΓöÇΓöÇΓöÇΓöÇΓöÇΓöÇΓöÇΓöÇΓöÇΓöÇΓöÇΓöÇΓöÇΓöÇΓöÇΓöÇΓöÇΓöÇΓöÇΓöÇΓöÇΓöÇΓöÇΓöÇΓöÇΓöÇΓöÇΓöÇΓöÇΓöÇΓöÇΓöÇΓöÇΓöÇΓöÇΓöÇΓöÇΓöÇΓöÇΓöÇΓöÇΓöÇΓöÇΓöÇΓöÇΓöÇΓöÇΓöÇΓöÇΓöÇΓöÇΓöÇΓöÇΓöÇΓöÇΓöÇΓöÇΓöÇΓöÇΓöÇΓöÇΓöÇΓöÇ
python : Traceback 
(most recent call 
last):
At line:1 char:32
+ ... NG="utf-8"; 
python main.py 
--dataset 
online_casino.csv 
--target label ...
+                 ~~~~~
~~~~~~~~~~~~~~~~~~~~~~~
~~~~~~~~~~~~~~~~~~~~~~~
~~~~~~
    + CategoryInfo     
         : NotSpecifi  
  ed: (Traceback (mo   
 st recent call las    
t)::String) [], Re    
moteException
    + FullyQualifiedEr 
   rorId : NativeComm  
  andError
 
  File 
"D:\Dinesh\Python 
resources\ML 
Builder\Automated ML 
Pipeline\main.py", 
line 485, in <module>
    run_pipeline(args)
  File 
"D:\Dinesh\Python 
resources\ML 
Builder\Automated ML 
Pipeline\main.py", 
line 198, in 
run_pipeline
    bundle = 
load_dataset(
             
^^^^^^^^^^^^^
  File 
"D:\Dinesh\Python 
resources\ML 
Builder\Automated ML Pi
peline\data_loader.py",
 line 57, in 
load_dataset
    raise ValueError(
ValueError: Target 
column 'label' not 
found. Available 
columns: ['casino', 
'game', 'provider', 
'rtp', 'volatility', 
'jackpot', 'country_ava
ilability', 'min_bet', 
'max_win', 
'game_type', 
'game_category', 'licen
se_jurisdiction', 
'release_year', 
'currency', 
'mobile_compatible', 
'free_spins_feature', 
'bonus_buy_available', 
'max_multiplier', 
'languages', 
'last_updated']
